Analyzing soma app...                                           

warning - This default clause is covered by the previous cases - lib\core\services\theme_mode_controller.dart:53:7 - unreachable_switch_default
   info - 'background' is deprecated and shouldn't be used. Use surface instead. This feature was deprecated after v3.18.0-0.1.pre - lib\core\theme\app_theme.dart:65:7 - deprecated_member_use
   info - 'onBackground' is deprecated and shouldn't be used. Use onSurface instead. This feature was deprecated after v3.18.0-0.1.pre - lib\core\theme\app_theme.dart:69:7 - deprecated_member_use
   info - 'background' is deprecated and shouldn't be used. Use surface instead. This feature was deprecated after v3.18.0-0.1.pre - lib\core\theme\app_theme.dart:90:34 - deprecated_member_use
   info - 'background' is deprecated and shouldn't be used. Use surface instead. This feature was deprecated after v3.18.0-0.1.pre - lib\core\theme\app_theme.dart:101:7 - deprecated_member_use
   info - 'onBackground' is deprecated and shouldn't be used. Use onSurface instead. This feature was deprecated after v3.18.0-0.1.pre - lib\core\theme\app_theme.dart:105:7 - deprecated_member_use
   info - 'background' is deprecated and shouldn't be used. Use surface instead. This feature was deprecated after v3.18.0-0.1.pre - lib\core\theme\app_theme.dart:126:34 - deprecated_member_use
   info - 'onBackground' is deprecated and shouldn't be used. Use onSurface instead. This feature was deprecated after v3.18.0-0.1.pre - lib\core\theme\app_theme.dart:181:48 - deprecated_member_use
   info - 'onBackground' is deprecated and shouldn't be used. Use onSurface instead. This feature was deprecated after v3.18.0-0.1.pre - lib\core\theme\app_theme.dart:183:25 - deprecated_member_use
   info - 'onBackground' is deprecated and shouldn't be used. Use onSurface instead. This feature was deprecated after v3.18.0-0.1.pre - lib\core\theme\app_theme.dart:236:27 - deprecated_member_use
   info - 'onBackground' is deprecated and shouldn't be used. Use onSurface instead. This feature was deprecated after v3.18.0-0.1.pre - lib\core\theme\app_theme.dart:237:30 - deprecated_member_use
   info - Unnecessary braces in a string interpolation - lib\features\circles\circle_lobby_screen.dart:321:25 - unnecessary_brace_in_string_interps
   info - Unnecessary braces in a string interpolation - lib\features\circles\circle_lobby_screen.dart:321:43 - unnecessary_brace_in_string_interps
  error - Methods can't be invoked in constant expressions - lib\features\circles\circle_lobby_screen.dart:2511:36 - const_eval_method_invocation
warning - Unused import: 'dart:math' - lib\features\circles\live_quiz_screen.dart:2:8 - unused_import
   info - 'onBackground' is deprecated and shouldn't be used. Use onSurface instead. This feature was deprecated after v3.18.0-0.1.pre - lib\features\home\home_screen.dart:129:37 - deprecated_member_use
   info - 'onBackground' is deprecated and shouldn't be used. Use onSurface instead. This feature was deprecated after v3.18.0-0.1.pre - lib\features\home\home_screen.dart:147:58 - deprecated_member_use
warning - The value of the local variable 'scheme' isn't used - lib\features\home\home_screen.dart:693:11 - unused_local_variable
   info - The imported package 'flutter_markdown' isn't a dependency of the importing package - lib\features\info\about_screen.dart:2:8 - depend_on_referenced_packages
  error - Target of URI doesn't exist: 'package:flutter_markdown/flutter_markdown.dart' - lib\features\info\about_screen.dart:2:8 - uri_does_not_exist
  error - The method 'Markdown' isn't defined for the type '_LegalDetailScreen' - lib\features\info\about_screen.dart:173:13 - undefined_method
  error - The method 'MarkdownStyleSheet' isn't defined for the type '_LegalDetailScreen' - lib\features\info\about_screen.dart:175:21 - undefined_method
  error - Expected to find ']' - lib\features\profile\edit_profile_screen.dart:143:39 - expected_token
  error - Too many positional arguments: 0 expected, but 2 found - lib\features\profile\edit_profile_screen.dart:144:39 - extra_positional_arguments_could_be_named
  error - Expected to find ')' - lib\features\profile\edit_profile_screen.dart:154:37 - expected_token
  error - Too many positional arguments: 0 expected, but 7 found - lib\features\profile\edit_profile_screen.dart:169:27 - extra_positional_arguments_could_be_named
  error - Expected to find ')' - lib\features\profile\edit_profile_screen.dart:291:25 - expected_token
  error - Expected an identifier - lib\features\profile\edit_profile_screen.dart:295:17 - missing_identifier
  error - Expected to find ')' - lib\features\profile\edit_profile_screen.dart:295:17 - expected_token
  error - Expected to find ';' - lib\features\profile\edit_profile_screen.dart:297:13 - expected_token
warning - Dead code - lib\features\profile\edit_profile_screen.dart:297:14 - dead_code
  error - Expected an identifier - lib\features\profile\edit_profile_screen.dart:297:14 - missing_identifier
  error - Expected to find ';' - lib\features\profile\edit_profile_screen.dart:297:14 - expected_token
  error - Unexpected text ';' - lib\features\profile\edit_profile_screen.dart:297:14 - unexpected_token
  error - Expected an identifier - lib\features\profile\edit_profile_screen.dart:298:11 - missing_identifier
  error - Expected to find ';' - lib\features\profile\edit_profile_screen.dart:298:11 - expected_token
  error - Unexpected text ';' - lib\features\profile\edit_profile_screen.dart:298:11 - unexpected_token
  error - Expected an identifier - lib\features\profile\edit_profile_screen.dart:298:12 - missing_identifier
  error - Expected to find ';' - lib\features\profile\edit_profile_screen.dart:298:12 - expected_token
  error - Unexpected text ';' - lib\features\profile\edit_profile_screen.dart:298:12 - unexpected_token
  error - Expected an identifier - lib\features\profile\edit_profile_screen.dart:299:9 - missing_identifier
  error - Expected to find ';' - lib\features\profile\edit_profile_screen.dart:299:9 - expected_token
  error - Unexpected text ';' - lib\features\profile\edit_profile_screen.dart:299:9 - unexpected_token
  error - Expected an identifier - lib\features\profile\edit_profile_screen.dart:299:10 - missing_identifier
  error - Expected to find ';' - lib\features\profile\edit_profile_screen.dart:299:10 - expected_token
  error - Unexpected text ';' - lib\features\profile\edit_profile_screen.dart:299:10 - unexpected_token
  error - Expected an identifier - lib\features\profile\edit_profile_screen.dart:300:5 - missing_identifier
  error - Unexpected text ';' - lib\features\profile\edit_profile_screen.dart:300:5 - unexpected_token
   info - Unnecessary empty statement - lib\features\profile\edit_profile_screen.dart:300:6 - empty_statements
   info - Don't use 'BuildContext's across async gaps - lib\features\profile\privacy_settings_screen.dart:259:28 - use_build_context_synchronously
   info - 'background' is deprecated and shouldn't be used. Use surface instead. This feature was deprecated after v3.18.0-0.1.pre - lib\features\profile\profile_screen.dart:159:33 - deprecated_member_use
  error - Missing concrete implementation of 'abstract class State<T extends StatefulWidget> with Diagnosticable.build' - lib\features\social\add_friend_screen.dart:14:7 - non_abstract_class_inherits_abstract_member
  error - The instance member 'context' can't be accessed in an initializer - lib\features\social\add_friend_screen.dart:80:29 - implicit_this_reference_in_initializer
  error - Expected a class member - lib\features\social\add_friend_screen.dart:81:5 - expected_class_member
   info - Missing type annotation - lib\features\social\add_friend_screen.dart:81:12 - strict_top_level_inference
   info - The variable name 'Scaffold' isn't a lowerCamelCase identifier - lib\features\social\add_friend_screen.dart:81:12 - non_constant_identifier_names
  error - 'Scaffold' must have a method body because '_AddFriendScreenState' isn't abstract - lib\features\social\add_friend_screen.dart:81:12 - concrete_class_with_abstract_member
   info - Missing type annotation - lib\features\social\add_friend_screen.dart:82:7 - strict_top_level_inference
  error - Named parameters must be enclosed in curly braces ('{' and '}') - lib\features\social\add_friend_screen.dart:82:11 - named_parameter_outside_group
  error - Using a colon as the separator before a default value is no longer supported - lib\features\social\add_friend_screen.dart:82:11 - obsolete_colon_for_default_value
  error - The default value of an optional parameter must be constant - lib\features\social\add_friend_screen.dart:82:13 - non_constant_default_value
  error - Expected a method, getter, setter or operator declaration - lib\features\social\add_friend_screen.dart:159:1 - expected_executable
  error - The named parameter 'style' isn't defined - lib\features\social\dm_chat_screen.dart:269:13 - undefined_named_parameter
  error - Expected to find ')' - lib\features\social\dm_chat_screen.dart:277:7 - expected_token
  error - Undefined name 'scheme' - lib\features\social\dm_chat_screen.dart:304:28 - undefined_identifier
  error - Undefined name 'scheme' - lib\features\social\dm_chat_screen.dart:305:30 - undefined_identifier
  error - Undefined name 'scheme' - lib\features\social\dm_chat_screen.dart:310:47 - undefined_identifier
  error - Undefined name 'scheme' - lib\features\social\dm_chat_screen.dart:325:26 - undefined_identifier
  error - Undefined name 'scheme' - lib\features\social\dm_chat_screen.dart:326:45 - undefined_identifier
  error - Undefined name 'scheme' - lib\features\social\dm_chat_screen.dart:329:28 - undefined_identifier
   info - 'withOpacity' is deprecated and shouldn't be used. Use .withValues() to avoid precision loss - lib\features\solo\sentences_fill_blank_screen.dart:132:31 - deprecated_member_use
   info - 'withOpacity' is deprecated and shouldn't be used. Use .withValues() to avoid precision loss - lib\features\solo\sentences_fill_blank_screen.dart:136:29 - deprecated_member_use
   info - Don't invoke 'print' in production code - scripts\add_questions_column.dart:5:3 - avoid_print
   info - Don't invoke 'print' in production code - scripts\add_questions_column.dart:16:5 - avoid_print
   info - Don't invoke 'print' in production code - scripts\add_questions_column.dart:27:9 - avoid_print
   info - Don't invoke 'print' in production code - scripts\add_questions_column.dart:28:9 - avoid_print
   info - Don't invoke 'print' in production code - scripts\add_questions_column.dart:32:7 - avoid_print
   info - Don't invoke 'print' in production code - scripts\add_questions_column.dart:35:5 - avoid_print
   info - Don't invoke 'print' in production code - scripts\add_questions_column.dart:40:5 - avoid_print
   info - Don't invoke 'print' in production code - scripts\add_questions_column.dart:41:5 - avoid_print
   info - Don't invoke 'print' in production code - scripts\add_questions_column.dart:42:5 - avoid_print
   info - Don't invoke 'print' in production code - scripts\add_questions_column.dart:43:5 - avoid_print
   info - Don't invoke 'print' in production code - scripts\add_questions_column.dart:44:5 - avoid_print
   info - Don't invoke 'print' in production code - scripts\add_questions_column.dart:47:5 - avoid_print
   info - Don't invoke 'print' in production code - scripts\add_questions_column.dart:50:3 - avoid_print
   info - Don't invoke 'print' in production code - scripts\add_questions_column.dart:51:3 - avoid_print
   info - Don't invoke 'print' in production code - scripts\add_questions_column.dart:52:3 - avoid_print
   info - Don't invoke 'print' in production code - scripts\add_questions_column.dart:53:3 - avoid_print
   info - Don't invoke 'print' in production code - scripts\add_questions_column.dart:54:3 - avoid_print
   info - Don't invoke 'print' in production code - scripts\apply_questions_migration.dart:5:3 - avoid_print
   info - Don't invoke 'print' in production code - scripts\apply_questions_migration.dart:19:5 - avoid_print
   info - Don't invoke 'print' in production code - scripts\apply_questions_migration.dart:20:5 - avoid_print
   info - Don't invoke 'print' in production code - scripts\apply_questions_migration.dart:26:5 - avoid_print
   info - Don't invoke 'print' in production code - scripts\apply_questions_migration.dart:29:5 - avoid_print
   info - Don't invoke 'print' in production code - scripts\apply_questions_migration.dart:37:7 - avoid_print
   info - Don't invoke 'print' in production code - scripts\apply_questions_migration.dart:39:7 - avoid_print
   info - Don't invoke 'print' in production code - scripts\apply_questions_migration.dart:43:5 - avoid_print
   info - Don't invoke 'print' in production code - scripts\apply_questions_migration.dart:44:5 - avoid_print
   info - Don't invoke 'print' in production code - scripts\apply_questions_migration.dart:49:7 - avoid_print
   info - Don't invoke 'print' in production code - scripts\apply_questions_migration.dart:51:7 - avoid_print
   info - Don't invoke 'print' in production code - scripts\apply_questions_migration.dart:52:7 - avoid_print
   info - Don't invoke 'print' in production code - scripts\apply_questions_migration.dart:53:7 - avoid_print
   info - Don't invoke 'print' in production code - scripts\capture_error.dart:10:5 - avoid_print
   info - Don't invoke 'print' in production code - scripts\capture_error.dart:12:5 - avoid_print
   info - Don't invoke 'print' in production code - scripts\capture_error.dart:14:5 - avoid_print
   info - Don't invoke 'print' in production code - scripts\check_circle_questions.dart:14:3 - avoid_print
   info - Don't invoke 'print' in production code - scripts\check_circle_questions.dart:23:5 - avoid_print
   info - Don't invoke 'print' in production code - scripts\check_circle_questions.dart:27:3 - avoid_print
   info - Don't invoke 'print' in production code - scripts\check_circle_questions.dart:28:3 - avoid_print
   info - Don't invoke 'print' in production code - scripts\check_circle_questions.dart:29:3 - avoid_print
   info - Don't invoke 'print' in production code - scripts\check_circle_questions.dart:30:3 - avoid_print
   info - Don't invoke 'print' in production code - scripts\check_circle_questions.dart:31:3 - avoid_print
   info - Don't invoke 'print' in production code - scripts\check_circle_questions.dart:32:3 - avoid_print
   info - Don't invoke 'print' in production code - scripts\check_circle_questions.dart:36:5 - avoid_print
   info - Don't invoke 'print' in production code - scripts\check_circle_questions.dart:37:5 - avoid_print
   info - Don't invoke 'print' in production code - scripts\check_circle_questions.dart:40:7 - avoid_print
   info - Don't invoke 'print' in production code - scripts\check_circle_questions.dart:42:9 - avoid_print
   info - Don't invoke 'print' in production code - scripts\check_circle_questions.dart:46:5 - avoid_print
   info - Don't invoke 'print' in production code - scripts\check_columns.dart:12:5 - avoid_print
   info - Don't invoke 'print' in production code - scripts\check_columns.dart:17:5 - avoid_print
   info - Don't invoke 'print' in production code - scripts\check_courses.dart:10:3 - avoid_print
   info - Don't invoke 'print' in production code - scripts\check_courses.dart:14:5 - avoid_print
   info - Don't invoke 'print' in production code - scripts\check_courses.dart:16:7 - avoid_print
   info - Don't invoke 'print' in production code - scripts\check_courses.dart:19:5 - avoid_print
   info - Don't invoke 'print' in production code - scripts\check_data_integrity.dart:10:3 - avoid_print
   info - Don't invoke 'print' in production code - scripts\check_data_integrity.dart:14:5 - avoid_print
   info - Don't invoke 'print' in production code - scripts\check_data_integrity.dart:16:5 - avoid_print
   info - Don't invoke 'print' in production code - scripts\check_data_integrity.dart:19:3 - avoid_print
   info - Don't invoke 'print' in production code - scripts\check_data_integrity.dart:23:5 - avoid_print
   info - Don't invoke 'print' in production code - scripts\check_data_integrity.dart:25:5 - avoid_print
   info - Don't invoke 'print' in production code - scripts\check_local_db.dart:10:3 - avoid_print
   info - Don't invoke 'print' in production code - scripts\check_local_db.dart:18:3 - avoid_print
   info - Don't invoke 'print' in production code - scripts\check_local_db.dart:30:3 - avoid_print
   info - Don't invoke 'print' in production code - scripts\check_local_db.dart:38:7 - avoid_print
   info - Don't invoke 'print' in production code - scripts\check_local_db.dart:40:7 - avoid_print
   info - Don't invoke 'print' in production code - scripts\check_local_db.dart:45:3 - avoid_print
   info - Don't invoke 'print' in production code - scripts\check_migration_status.dart:10:3 - avoid_print
   info - Don't invoke 'print' in production code - scripts\check_migration_status.dart:11:3 - avoid_print
   info - Don't invoke 'print' in production code - scripts\check_migration_status.dart:32:3 - avoid_print
   info - Don't invoke 'print' in production code - scripts\check_migration_status.dart:50:3 - avoid_print
   info - Don't invoke 'print' in production code - scripts\check_migration_status.dart:51:3 - avoid_print
   info - Don't invoke 'print' in production code - scripts\check_migration_status.dart:53:5 - avoid_print
   info - Don't invoke 'print' in production code - scripts\check_migration_status.dart:56:3 - avoid_print
   info - Don't invoke 'print' in production code - scripts\check_migration_status.dart:57:3 - avoid_print
   info - Don't invoke 'print' in production code - scripts\check_migration_status.dart:59:5 - avoid_print
   info - Don't invoke 'print' in production code - scripts\check_migration_status.dart:62:7 - avoid_print
   info - Don't invoke 'print' in production code - scripts\check_migration_status.dart:66:3 - avoid_print
   info - Don't invoke 'print' in production code - scripts\check_migration_status.dart:67:3 - avoid_print
   info - Don't invoke 'print' in production code - scripts\check_migration_status.dart:72:5 - avoid_print
   info - Don't invoke 'print' in production code - scripts\check_migration_status.dart:74:5 - avoid_print
   info - Don't invoke 'print' in production code - scripts\check_migration_status.dart:80:5 - avoid_print
   info - Don't invoke 'print' in production code - scripts\check_migration_status.dart:82:5 - avoid_print
   info - Don't invoke 'print' in production code - scripts\check_migration_status.dart:85:3 - avoid_print
   info - Don't invoke 'print' in production code - scripts\check_migration_status.dart:86:3 - avoid_print
   info - Don't invoke 'print' in production code - scripts\check_schema_questions.dart:10:3 - avoid_print
   info - Don't invoke 'print' in production code - scripts\check_schema_questions.dart:20:5 - avoid_print
   info - Don't invoke 'print' in production code - scripts\check_schema_questions.dart:24:9 - avoid_print
   info - Don't invoke 'print' in production code - scripts\check_schema_questions.dart:26:9 - avoid_print
   info - Don't invoke 'print' in production code - scripts\check_schema_questions.dart:29:7 - avoid_print
   info - Don't invoke 'print' in production code - scripts\check_schema_questions.dart:32:5 - avoid_print
   info - Don't invoke 'print' in production code - scripts\check_schema_questions.dart:34:7 - avoid_print
   info - Don't invoke 'print' in production code - scripts\check_supabase_vocabulary.dart:10:3 - avoid_print
   info - Don't invoke 'print' in production code - scripts\check_supabase_vocabulary.dart:15:5 - avoid_print
   info - Don't invoke 'print' in production code - scripts\check_supabase_vocabulary.dart:18:7 - avoid_print
   info - Don't invoke 'print' in production code - scripts\check_supabase_vocabulary.dart:22:7 - avoid_print
   info - Don't invoke 'print' in production code - scripts\check_supabase_vocabulary.dart:25:5 - avoid_print
   info - Don't invoke 'print' in production code - scripts\cleanup_ghosts.dart:10:3 - avoid_print
   info - Don't invoke 'print' in production code - scripts\cleanup_ghosts.dart:20:5 - avoid_print
   info - Don't invoke 'print' in production code - scripts\cleanup_ghosts.dart:39:9 - avoid_print
   info - Don't invoke 'print' in production code - scripts\cleanup_ghosts.dart:42:9 - avoid_print
   info - Don't invoke 'print' in production code - scripts\cleanup_ghosts.dart:44:9 - avoid_print
   info - Don't invoke 'print' in production code - scripts\cleanup_ghosts.dart:51:7 - avoid_print
   info - Don't invoke 'print' in production code - scripts\cleanup_ghosts.dart:53:7 - avoid_print
   info - Don't invoke 'print' in production code - scripts\cleanup_ghosts.dart:57:5 - avoid_print
   info - Don't invoke 'print' in production code - scripts\close_all_circles.dart:10:3 - avoid_print
   info - Don't invoke 'print' in production code - scripts\close_all_circles.dart:20:5 - avoid_print
   info - Don't invoke 'print' in production code - scripts\close_all_circles.dart:23:7 - avoid_print
   info - Don't invoke 'print' in production code - scripts\close_all_circles.dart:32:7 - avoid_print
   info - Don't invoke 'print' in production code - scripts\close_all_circles.dart:34:7 - avoid_print
   info - Don't invoke 'print' in production code - scripts\close_all_circles.dart:37:5 - avoid_print
   info - Don't invoke 'print' in production code - scripts\close_all_circles.dart:40:5 - avoid_print
   info - Don't invoke 'print' in production code - scripts\count_supabase_rows.dart:12:3 - avoid_print
   info - Don't invoke 'print' in production code - scripts\count_supabase_rows.dart:16:7 - avoid_print
   info - Don't invoke 'print' in production code - scripts\count_supabase_rows.dart:18:7 - avoid_print
   info - Don't invoke 'print' in production code - scripts\db_migration_direct.dart:8:5 - avoid_print
   info - Don't invoke 'print' in production code - scripts\db_migration_direct.dart:12:3 - avoid_print
   info - Don't invoke 'print' in production code - scripts\db_migration_direct.dart:15:3 - avoid_print
   info - Don't invoke 'print' in production code - scripts\db_migration_direct.dart:29:5 - avoid_print
   info - Don't invoke 'print' in production code - scripts\db_migration_direct.dart:35:5 - avoid_print
   info - Don't invoke 'print' in production code - scripts\db_migration_direct.dart:37:5 - avoid_print
   info - Don't invoke 'print' in production code - scripts\debug_circle_data.dart:5:3 - avoid_print
   info - Don't invoke 'print' in production code - scripts\debug_circle_data.dart:11:3 - avoid_print
   info - Don't invoke 'print' in production code - scripts\debug_circle_data.dart:21:7 - avoid_print
   info - Don't invoke 'print' in production code - scripts\debug_circle_data.dart:25:5 - avoid_print
   info - Don't invoke 'print' in production code - scripts\debug_circle_data.dart:26:5 - avoid_print
   info - Don't invoke 'print' in production code - scripts\debug_circle_data.dart:27:5 - avoid_print
   info - Don't invoke 'print' in production code - scripts\debug_circle_data.dart:30:5 - avoid_print
   info - Don't invoke 'print' in production code - scripts\debug_circle_data.dart:33:7 - avoid_print
   info - Don't invoke 'print' in production code - scripts\debug_circle_data.dart:35:7 - avoid_print
   info - Don't invoke 'print' in production code - scripts\debug_circle_data.dart:37:9 - avoid_print
   info - Don't invoke 'print' in production code - scripts\debug_circle_data.dart:39:9 - avoid_print
   info - Don't invoke 'print' in production code - scripts\debug_circle_data.dart:42:7 - avoid_print
   info - Don't invoke 'print' in production code - scripts\debug_circle_data.dart:46:5 - avoid_print
   info - Don't invoke 'print' in production code - scripts\debug_latest_circle.dart:10:3 - avoid_print
   info - Don't invoke 'print' in production code - scripts\debug_latest_circle.dart:20:7 - avoid_print
   info - Don't invoke 'print' in production code - scripts\debug_latest_circle.dart:25:5 - avoid_print
   info - Don't invoke 'print' in production code - scripts\debug_latest_circle.dart:26:5 - avoid_print
   info - Don't invoke 'print' in production code - scripts\debug_latest_circle.dart:27:5 - avoid_print
   info - Don't invoke 'print' in production code - scripts\debug_latest_circle.dart:31:7 - avoid_print
   info - Don't invoke 'print' in production code - scripts\debug_latest_circle.dart:33:7 - avoid_print
   info - Don't invoke 'print' in production code - scripts\debug_latest_circle.dart:35:9 - avoid_print
   info - Don't invoke 'print' in production code - scripts\debug_latest_circle.dart:38:7 - avoid_print
   info - Don't invoke 'print' in production code - scripts\debug_latest_circle.dart:39:7 - avoid_print
   info - Don't invoke 'print' in production code - scripts\debug_latest_circle.dart:43:5 - avoid_print
   info - Don't invoke 'print' in production code - scripts\exec_sql_direct.dart:7:5 - avoid_print
   info - Don't invoke 'print' in production code - scripts\exec_sql_direct.dart:13:5 - avoid_print
   info - Don't invoke 'print' in production code - scripts\exec_sql_direct.dart:17:3 - avoid_print
   info - Don't invoke 'print' in production code - scripts\exec_sql_direct.dart:20:3 - avoid_print
   info - Don't invoke 'print' in production code - scripts\exec_sql_direct.dart:32:5 - avoid_print
   info - Don't invoke 'print' in production code - scripts\exec_sql_direct.dart:34:5 - avoid_print
   info - Don't invoke 'print' in production code - scripts\exec_sql_direct.dart:36:5 - avoid_print
   info - Don't invoke 'print' in production code - scripts\fix_imports.dart:32:7 - avoid_print
   info - Don't invoke 'print' in production code - scripts\fix_imports.dart:37:3 - avoid_print
   info - Don't invoke 'print' in production code - scripts\import_data.dart:13:3 - avoid_print
   info - Don't invoke 'print' in production code - scripts\import_data.dart:18:3 - avoid_print
   info - Don't invoke 'print' in production code - scripts\import_data.dart:22:3 - avoid_print
   info - Don't invoke 'print' in production code - scripts\import_data.dart:25:5 - avoid_print
   info - Don't invoke 'print' in production code - scripts\import_data.dart:74:7 - avoid_print
   info - Don't invoke 'print' in production code - scripts\import_data.dart:81:3 - avoid_print
   info - Don't invoke 'print' in production code - scripts\import_data.dart:85:3 - avoid_print
   info - Don't invoke 'print' in production code - scripts\import_data.dart:88:5 - avoid_print
   info - Don't invoke 'print' in production code - scripts\import_data.dart:137:7 - avoid_print
   info - Don't invoke 'print' in production code - scripts\import_data.dart:144:3 - avoid_print
   info - Don't invoke 'print' in production code - scripts\import_data.dart:152:5 - avoid_print
   info - Don't invoke 'print' in production code - scripts\inspect_schema.dart:22:9 - avoid_print
   info - Don't invoke 'print' in production code - scripts\inspect_schema.dart:25:13 - avoid_print
   info - Don't invoke 'print' in production code - scripts\inspect_schema.dart:27:13 - avoid_print
   info - Don't invoke 'print' in production code - scripts\inspect_schema.dart:31:9 - avoid_print
   info - Don't invoke 'print' in production code - scripts\inspect_schema.dart:34:7 - avoid_print
   info - Don't invoke 'print' in production code - scripts\migrate_assets.dart:13:3 - avoid_print
   info - Don't invoke 'print' in production code - scripts\migrate_assets.dart:18:5 - avoid_print
   info - Don't invoke 'print' in production code - scripts\migrate_assets.dart:19:5 - avoid_print
   info - Don't invoke 'print' in production code - scripts\migrate_assets.dart:26:3 - avoid_print
   info - Don't invoke 'print' in production code - scripts\migrate_assets.dart:30:3 - avoid_print
   info - Don't invoke 'print' in production code - scripts\migrate_assets.dart:33:5 - avoid_print
   info - Don't invoke 'print' in production code - scripts\migrate_assets.dart:85:7 - avoid_print
   info - Don't invoke 'print' in production code - scripts\migrate_assets.dart:92:3 - avoid_print
   info - Don't invoke 'print' in production code - scripts\migrate_assets.dart:96:3 - avoid_print
   info - Don't invoke 'print' in production code - scripts\migrate_assets.dart:99:5 - avoid_print
   info - Don't invoke 'print' in production code - scripts\migrate_assets.dart:150:7 - avoid_print
   info - Don't invoke 'print' in production code - scripts\migrate_assets.dart:157:3 - avoid_print
   info - Don't invoke 'print' in production code - scripts\migrate_assets.dart:167:5 - avoid_print
   info - Don't invoke 'print' in production code - scripts\migrate_assets.dart:169:5 - avoid_print
   info - Don't invoke 'print' in production code - scripts\migrate_assets.dart:181:11 - avoid_print
   info - Don't invoke 'print' in production code - scripts\migrate_assets.dart:182:11 - avoid_print
   info - Don't invoke 'print' in production code - scripts\migrate_assets.dart:186:5 - avoid_print
   info - Don't invoke 'print' in production code - scripts\test_course_id_parsing.dart:19:3 - avoid_print
   info - Don't invoke 'print' in production code - scripts\test_course_id_parsing.dart:22:5 - avoid_print
   info - Don't invoke 'print' in production code - scripts\test_course_id_parsing.dart:24:5 - avoid_print
   info - Don't invoke 'print' in production code - scripts\test_db_conn.dart:13:3 - avoid_print
   info - Don't invoke 'print' in production code - scripts\test_db_conn.dart:16:5 - avoid_print
   info - Don't invoke 'print' in production code - scripts\test_db_conn.dart:18:5 - avoid_print
   info - Don't invoke 'print' in production code - scripts\test_db_conn.dart:21:5 - avoid_print
   info - Don't invoke 'print' in production code - scripts\test_insert.dart:16:5 - avoid_print
   info - Don't invoke 'print' in production code - scripts\test_insert.dart:18:5 - avoid_print
   info - Don't invoke 'print' in production code - scripts\test_insert_minimal.dart:14:5 - avoid_print
   info - Don't invoke 'print' in production code - scripts\test_insert_minimal.dart:16:5 - avoid_print
   info - Don't invoke 'print' in production code - scripts\test_vocabulary_insert.dart:10:3 - avoid_print
   info - Don't invoke 'print' in production code - scripts\test_vocabulary_insert.dart:27:5 - avoid_print
   info - Don't invoke 'print' in production code - scripts\test_vocabulary_insert.dart:29:5 - avoid_print
   info - Don't invoke 'print' in production code - scripts\test_vocabulary_insert.dart:33:5 - avoid_print
   info - Don't invoke 'print' in production code - scripts\test_vocabulary_insert.dart:37:5 - avoid_print
   info - Don't invoke 'print' in production code - scripts\test_vocabulary_insert.dart:40:5 - avoid_print
   info - Don't invoke 'print' in production code - scripts\upgrade_local_db.dart:12:3 - avoid_print
   info - Don't invoke 'print' in production code - scripts\upgrade_local_db.dart:13:3 - avoid_print
   info - Don't invoke 'print' in production code - scripts\upgrade_local_db.dart:17:3 - avoid_print
   info - Don't invoke 'print' in production code - scripts\upgrade_local_db.dart:73:3 - avoid_print
   info - Don't invoke 'print' in production code - scripts\upgrade_local_db.dart:78:7 - avoid_print
   info - Don't invoke 'print' in production code - scripts\upgrade_local_db.dart:80:7 - avoid_print
   info - Don't invoke 'print' in production code - scripts\upgrade_local_db.dart:85:3 - avoid_print
   info - Don't invoke 'print' in production code - scripts\upload_csv_to_supabase.dart:10:3 - avoid_print
   info - Don't invoke 'print' in production code - scripts\upload_csv_to_supabase.dart:21:5 - avoid_print
   info - Don't invoke 'print' in production code - scripts\upload_csv_to_supabase.dart:23:5 - avoid_print
   info - Don't invoke 'print' in production code - scripts\upload_csv_to_supabase.dart:30:5 - avoid_print
   info - Don't invoke 'print' in production code - scripts\upload_csv_to_supabase.dart:34:3 - avoid_print
   info - Don't invoke 'print' in production code - scripts\upload_csv_to_supabase.dart:37:3 - avoid_print
   info - Don't invoke 'print' in production code - scripts\upload_csv_to_supabase.dart:42:3 - avoid_print
   info - Don't invoke 'print' in production code - scripts\upload_csv_to_supabase.dart:46:5 - avoid_print
   info - Don't invoke 'print' in production code - scripts\upload_csv_to_supabase.dart:49:3 - avoid_print
   info - Don't invoke 'print' in production code - scripts\upload_csv_to_supabase.dart:52:5 - avoid_print
   info - Don't invoke 'print' in production code - scripts\upload_csv_to_supabase.dart:75:3 - avoid_print
   info - Don't invoke 'print' in production code - scripts\upload_csv_to_supabase.dart:81:5 - avoid_print
   info - Don't invoke 'print' in production code - scripts\upload_csv_to_supabase.dart:85:3 - avoid_print
   info - Don't invoke 'print' in production code - scripts\upload_csv_to_supabase.dart:88:3 - avoid_print
   info - Don't invoke 'print' in production code - scripts\upload_csv_to_supabase.dart:93:3 - avoid_print
   info - Don't invoke 'print' in production code - scripts\upload_csv_to_supabase.dart:97:5 - avoid_print
   info - Don't invoke 'print' in production code - scripts\upload_csv_to_supabase.dart:100:3 - avoid_print
   info - Don't invoke 'print' in production code - scripts\upload_csv_to_supabase.dart:103:5 - avoid_print
   info - Don't invoke 'print' in production code - scripts\upload_csv_to_supabase.dart:125:3 - avoid_print
   info - Don't invoke 'print' in production code - scripts\verify_migration.dart:13:3 - avoid_print
   info - Don't invoke 'print' in production code - scripts\verify_migration.dart:14:3 - avoid_print
   info - Don't invoke 'print' in production code - scripts\verify_migration_simple.dart:16:3 - avoid_print
   info - Don't invoke 'print' in production code - scripts\verify_migration_simple.dart:17:3 - avoid_print
   info - Don't invoke 'print' in production code - scripts\verify_questions_column.dart:6:3 - avoid_print
   info - Don't invoke 'print' in production code - scripts\verify_questions_column.dart:11:5 - avoid_print
   info - Don't invoke 'print' in production code - scripts\verify_questions_column.dart:20:5 - avoid_print
   info - Don't invoke 'print' in production code - scripts\verify_questions_column.dart:27:3 - avoid_print
   info - Don't invoke 'print' in production code - scripts\verify_questions_column.dart:34:5 - avoid_print
   info - Don't invoke 'print' in production code - scripts\verify_questions_column.dart:42:7 - avoid_print
   info - Don't invoke 'print' in production code - scripts\verify_questions_column.dart:43:7 - avoid_print
   info - Don't invoke 'print' in production code - scripts\verify_questions_column.dart:47:5 - avoid_print
   info - Don't invoke 'print' in production code - scripts\verify_questions_column.dart:50:3 - avoid_print
   info - Don't invoke 'print' in production code - scripts\verify_questions_column.dart:51:3 - avoid_print
   info - Don't invoke 'print' in production code - scripts\verify_questions_column.dart:52:3 - avoid_print
   info - Don't invoke 'print' in production code - scripts\verify_questions_column.dart:53:3 - avoid_print
   info - Don't invoke 'print' in production code - scripts\verify_questions_column.dart:54:3 - avoid_print
   info - Don't invoke 'print' in production code - scripts\verify_questions_column.dart:55:3 - avoid_print
   info - Don't invoke 'print' in production code - scripts\verify_questions_column.dart:56:3 - avoid_print
   info - Don't invoke 'print' in production code - scripts\verify_questions_column.dart:57:3 - avoid_print
   info - Don't invoke 'print' in production code - scripts\verify_rls.dart:9:3 - avoid_print
   info - Don't invoke 'print' in production code - scripts\verify_rls.dart:13:5 - avoid_print
   info - Don't invoke 'print' in production code - scripts\verify_rls.dart:16:7 - avoid_print
   info - Don't invoke 'print' in production code - scripts\verify_rls.dart:18:7 - avoid_print
   info - Don't invoke 'print' in production code - scripts\verify_rls.dart:21:8 - avoid_print
   info - Don't invoke 'print' in production code - scripts\verify_rls.dart:24:5 - avoid_print
   info - Don't invoke 'print' in production code - scripts\verify_rls.dart:29:5 - avoid_print
   info - Don't invoke 'print' in production code - scripts\verify_rls.dart:32:7 - avoid_print
   info - Don't invoke 'print' in production code - scripts\verify_rls.dart:34:7 - avoid_print
   info - Don't invoke 'print' in production code - scripts\verify_rls.dart:36:8 - avoid_print
   info - Don't invoke 'print' in production code - scripts\verify_rls.dart:39:5 - avoid_print
   info - Don't invoke 'print' in production code - scripts\verify_schema.dart:10:3 - avoid_print
   info - Don't invoke 'print' in production code - scripts\verify_schema.dart:19:3 - avoid_print
   info - Don't invoke 'print' in production code - scripts\verify_schema.dart:23:3 - avoid_print
   info - Don't invoke 'print' in production code - scripts\verify_schema.dart:26:5 - avoid_print
   info - Don't invoke 'print' in production code - scripts\verify_schema.dart:29:5 - avoid_print
   info - Don't invoke 'print' in production code - scripts\verify_schema.dart:31:5 - avoid_print
   info - Don't invoke 'print' in production code - scripts\verify_schema.dart:37:3 - avoid_print
   info - Don't invoke 'print' in production code - scripts\verify_schema.dart:44:7 - avoid_print
   info - Don't invoke 'print' in production code - scripts\verify_schema.dart:66:7 - avoid_print
   info - Don't invoke 'print' in production code - scripts\verify_schema.dart:73:5 - avoid_print
   info - Don't invoke 'print' in production code - scripts\verify_schema.dart:82:8 - avoid_print
   info - Don't invoke 'print' in production code - scripts\verify_schema.dart:85:8 - avoid_print
   info - Don't invoke 'print' in production code - scripts\verify_sync.dart:13:3 - avoid_print
   info - Don't invoke 'print' in production code - scripts\verify_sync.dart:24:3 - avoid_print
   info - Don't invoke 'print' in production code - scripts\verify_sync.dart:39:9 - avoid_print
   info - Don't invoke 'print' in production code - scripts\verify_sync.dart:41:9 - avoid_print
   info - Don't invoke 'print' in production code - scripts\verify_sync.dart:44:7 - avoid_print
   info - Don't invoke 'print' in production code - scripts\verify_sync.dart:48:3 - avoid_print
   info - Don't invoke 'print' in production code - scripts\verify_sync.dart:51:3 - avoid_print
   info - Don't invoke 'print' in production code - scripts\verify_sync.dart:54:5 - avoid_print
   info - Don't invoke 'print' in production code - scripts\verify_sync.dart:56:5 - avoid_print
   info - Don't invoke 'print' in production code - scripts\verify_sync.dart:59:3 - avoid_print
   info - Don't invoke 'print' in production code - scripts\verify_sync.dart:62:3 - avoid_print
   info - Don't invoke 'print' in production code - scripts\verify_sync.dart:66:5 - avoid_print
   info - Don't invoke 'print' in production code - scripts\verify_sync.dart:68:5 - avoid_print
   info - Don't invoke 'print' in production code - scripts\verify_sync.dart:71:3 - avoid_print
   info - Don't invoke 'print' in production code - scripts\verify_sync.dart:90:7 - avoid_print
   info - Don't invoke 'print' in production code - scripts\verify_sync.dart:92:7 - avoid_print

